d@DESKTOP-M2GJOKM MINGW64 /f/attainu/gitsetup (master)
$ pwd
/f/attainu/gitsetup

d@DESKTOP-M2GJOKM MINGW64 /f/attainu/gitsetup
$ git init
Initialized empty Git repository in F:/Attainu/gitsetup/.git/

d@DESKTOP-M2GJOKM MINGW64 /f/attainu/gitsetup (master)
$ ls
check.txt

d@DESKTOP-M2GJOKM MINGW64 /f/attainu/gitsetup (master)
$ git status
On branch master

No commits yet

Untracked files:
  (use "git add <file>..." to include in what will be committed)
        check.txt

nothing added to commit but untracked files present (use "git add" to track)

d@DESKTOP-M2GJOKM MINGW64 /f/attainu/gitsetup (master)
$ git add check.txt
warning: LF will be replaced by CRLF in check.txt.
The file will have its original line endings in your working directory

d@DESKTOP-M2GJOKM MINGW64 /f/attainu/gitsetup (master)
$ git status
On branch master

No commits yet

Changes to be committed:
  (use "git rm --cached <file>..." to unstage)
        new file:   check.txt


d@DESKTOP-M2GJOKM MINGW64 /f/attainu/gitsetup (master)
$ git commit -m "trying to add it to my repository"
[master (root-commit) f6b1bfb] trying to add it to my repository
 1 file changed, 1 insertion(+)
 create mode 100644 check.txt

d@DESKTOP-M2GJOKM MINGW64 /f/attainu/gitsetup (master)
$ git status
On branch master
nothing to commit, working tree clean

d@DESKTOP-M2GJOKM MINGW64 /f/attainu/gitsetup (master)
$ git log
commit f6b1bfbda73ba7674035d0278d5d87780f15d46b (HEAD -> master)
Author: raushan-shandilya-au8 <shandilya.raushan08@gmail.com>
Date:   Mon Jul 6 01:45:07 2020 +0530

    trying to add it to my repository

d@DESKTOP-M2GJOKM MINGW64 /f/attainu/gitsetup (master)
$ echo added something >check.txt

d@DESKTOP-M2GJOKM MINGW64 /f/attainu/gitsetup (master)
$ git status
On branch master
Changes not staged for commit:
  (use "git add <file>..." to update what will be committed)
  (use "git restore <file>..." to discard changes in working directory)
        modified:   check.txt

no changes added to commit (use "git add" and/or "git commit -a")

d@DESKTOP-M2GJOKM MINGW64 /f/attainu/gitsetup (master)
$ git add check.txt
warning: LF will be replaced by CRLF in check.txt.
The file will have its original line endings in your working directory

d@DESKTOP-M2GJOKM MINGW64 /f/attainu/gitsetup (master)
$ git commit -m "made changes"
[master c2ae7ec] made changes
 1 file changed, 1 insertion(+), 1 deletion(-)

d@DESKTOP-M2GJOKM MINGW64 /f/attainu/gitsetup (master)
$ git remote add origin https://github.com/raushan-shandilya-au9/setupgit.git

d@DESKTOP-M2GJOKM MINGW64 /f/attainu/gitsetup (master)
$ git status
On branch master
nothing to commit, working tree clean

d@DESKTOP-M2GJOKM MINGW64 /f/attainu/gitsetup (master)
$ git log
commit c2ae7ec60cada399edfa2e74335f0815ca589607 (HEAD -> master)
Author: raushan-shandilya-au8 <shandilya.raushan08@gmail.com>
Date:   Mon Jul 6 01:47:56 2020 +0530

    made changes

commit f6b1bfbda73ba7674035d0278d5d87780f15d46b
Author: raushan-shandilya-au8 <shandilya.raushan08@gmail.com>
Date:   Mon Jul 6 01:45:07 2020 +0530

    trying to add it to my repository

d@DESKTOP-M2GJOKM MINGW64 /f/attainu/gitsetup (master)
$ git push -u origin master
Enumerating objects: 6, done.
Counting objects: 100% (6/6), done.
Delta compression using up to 4 threads
Compressing objects: 100% (2/2), done.
Writing objects: 100% (6/6), 477 bytes | 159.00 KiB/s, done.
Total 6 (delta 0), reused 0 (delta 0), pack-reused 0
To https://github.com/raushan-shandilya-au9/setupgit.git
 * [new branch]      master -> master
Branch 'master' set up to track remote branch 'master' from 'origin'.

d@DESKTOP-M2GJOKM MINGW64 /f/attainu/gitsetup (master)
$ echo 3rd commit >check.txt

d@DESKTOP-M2GJOKM MINGW64 /f/attainu/gitsetup (master)
$ git status
On branch master
Your branch is up to date with 'origin/master'.

Changes not staged for commit:
  (use "git add <file>..." to update what will be committed)
  (use "git restore <file>..." to discard changes in working directory)
        modified:   check.txt

no changes added to commit (use "git add" and/or "git commit -a")

d@DESKTOP-M2GJOKM MINGW64 /f/attainu/gitsetup (master)
$ git add check.txt
warning: LF will be replaced by CRLF in check.txt.
The file will have its original line endings in your working directory

d@DESKTOP-M2GJOKM MINGW64 /f/attainu/gitsetup (master)
$ git status
On branch master
Your branch is up to date with 'origin/master'.

Changes to be committed:
  (use "git restore --staged <file>..." to unstage)
        modified:   check.txt


d@DESKTOP-M2GJOKM MINGW64 /f/attainu/gitsetup (master)
$ git commit -m "third commit"
[master fdfaf74] third commit
 1 file changed, 1 insertion(+), 1 deletion(-)

d@DESKTOP-M2GJOKM MINGW64 /f/attainu/gitsetup (master)
$ git status
On branch master
Your branch is ahead of 'origin/master' by 1 commit.
  (use "git push" to publish your local commits)

nothing to commit, working tree clean

d@DESKTOP-M2GJOKM MINGW64 /f/attainu/gitsetup (master)
$ git push
Enumerating objects: 5, done.
Counting objects: 100% (5/5), done.
Writing objects: 100% (3/3), 259 bytes | 129.00 KiB/s, done.
Total 3 (delta 0), reused 0 (delta 0), pack-reused 0
To https://github.com/raushan-shandilya-au9/setupgit.git
   c2ae7ec..fdfaf74  master -> master

d@DESKTOP-M2GJOKM MINGW64 /f/attainu/gitsetup (master)
